   1              		.cpu arm7tdmi
   2              		.arch armv4t
   3              		.fpu softvfp
   4              		.eabi_attribute 20, 1
   5              		.eabi_attribute 21, 1
   6              		.eabi_attribute 23, 3
   7              		.eabi_attribute 24, 1
   8              		.eabi_attribute 25, 1
   9              		.eabi_attribute 26, 1
  10              		.eabi_attribute 30, 4
  11              		.eabi_attribute 34, 0
  12              		.eabi_attribute 18, 4
  13              		.file	"modes.c"
  14              		.text
  15              	.Ltext0:
  16              		.cfi_sections	.debug_frame
  17              		.global	__aeabi_ui2f
  18              		.global	__aeabi_fmul
  19              		.global	__aeabi_f2d
  20              		.global	__aeabi_ddiv
  21              		.global	__aeabi_dadd
  22              		.global	__aeabi_d2f
  23              		.align	2
  24              		.syntax unified
  25              		.arm
  27              	register_handler:
  28              	.LVL0:
  29              	.LFB0:
  30              		.file 1 "modes.c"
   1:modes.c       **** #include "config.h"
   2:modes.c       **** #include "modes.h"
   3:modes.c       **** #include "robot.h"
   4:modes.c       **** #include "module.h"
   5:modes.c       **** #include "registers.h"
   6:modes.c       **** #include "hardware.h"
   7:modes.c       **** #include "can.h"
   8:modes.c       **** 
   9:modes.c       **** const float FREQ = 1.0;   // Hz
  10:modes.c       **** 
  11:modes.c       **** #define MOTOR_COUNT 5
  12:modes.c       **** const uint8_t MOTOR_ADDR[MOTOR_COUNT] = {5, 26, 24, 22, 25};
  13:modes.c       **** 
  14:modes.c       **** volatile float freq = 0;
  15:modes.c       **** volatile float ampl = 0;
  16:modes.c       **** volatile float phase = 0;
  17:modes.c       **** 
  18:modes.c       **** static int8_t register_handler(uint8_t operation, uint8_t address, RadioData* radio_data)
  19:modes.c       **** {
  31              		.loc 1 19 1 view -0
  32              		.cfi_startproc
  33              		@ Function supports interworking.
  34              		@ args = 0, pretend = 0, frame = 0
  35              		@ frame_needed = 0, uses_anonymous_args = 0
  20:modes.c       ****   if (operation == ROP_WRITE_8) {
  36              		.loc 1 20 3 view .LVU1
  37              		.loc 1 20 6 is_stmt 0 view .LVU2
  38 0000 040050E3 		cmp	r0, #4
  39 0004 3600001A 		bne	.L5
  21:modes.c       ****     if (address == 20){
  40              		.loc 1 21 5 is_stmt 1 view .LVU3
  41              		.loc 1 21 8 is_stmt 0 view .LVU4
  42 0008 140051E3 		cmp	r1, #20
  19:modes.c       ****   if (operation == ROP_WRITE_8) {
  43              		.loc 1 19 1 view .LVU5
  44 000c 10402DE9 		push	{r4, lr}
  45              	.LCFI0:
  46              		.cfi_def_cfa_offset 8
  47              		.cfi_offset 4, -8
  48              		.cfi_offset 14, -4
  49              		.loc 1 21 8 view .LVU6
  50 0010 1000001A 		bne	.L3
  22:modes.c       ****       freq = DECODE_PARAM_8(radio_data->byte, 0.0f, 1.5f);
  51              		.loc 1 22 7 is_stmt 1 view .LVU7
  52              		.loc 1 22 14 is_stmt 0 view .LVU8
  53 0014 0000D2E5 		ldrb	r0, [r2]	@ zero_extendqisi2
  54              	.LVL1:
  55              		.loc 1 22 14 view .LVU9
  56 0018 FEFFFFEB 		bl	__aeabi_ui2f
  57              	.LVL2:
  58              		.loc 1 22 14 view .LVU10
  59 001c FF15A0E3 		mov	r1, #1069547520
  60 0020 FEFFFFEB 		bl	__aeabi_fmul
  61              	.LVL3:
  62 0024 FEFFFFEB 		bl	__aeabi_f2d
  63              	.LVL4:
  64 0028 0020A0E3 		mov	r2, #0
  65 002c B8309FE5 		ldr	r3, .L12
  66 0030 FEFFFFEB 		bl	__aeabi_ddiv
  67              	.LVL5:
  68 0034 0030A0E3 		mov	r3, #0
  69 0038 0020A0E3 		mov	r2, #0
  70 003c FEFFFFEB 		bl	__aeabi_dadd
  71              	.LVL6:
  72 0040 FEFFFFEB 		bl	__aeabi_d2f
  73              	.LVL7:
  74              		.loc 1 22 12 view .LVU11
  75 0044 A4309FE5 		ldr	r3, .L12+4
  76 0048 000083E5 		str	r0, [r3]	@ float
  23:modes.c       ****       return TRUE;
  77              		.loc 1 23 7 is_stmt 1 view .LVU12
  78              	.L11:
  24:modes.c       ****     }
  25:modes.c       ****     if (address == 21){
  26:modes.c       ****       ampl = DECODE_PARAM_8(radio_data->byte, 0.0f, 60.0f);
  27:modes.c       ****       return TRUE;
  28:modes.c       ****     }
  29:modes.c       ****     if (address == 22){
  30:modes.c       ****         phase = DECODE_PARAM_8(radio_data->byte, 0.5f, 1.0f);
  31:modes.c       ****         return TRUE;
  79              		.loc 1 31 9 view .LVU13
  80              		.loc 1 31 16 is_stmt 0 view .LVU14
  81 004c 0100A0E3 		mov	r0, #1
  82              	.L2:
  32:modes.c       ****     }
  33:modes.c       ****     return FALSE;
  34:modes.c       ****   }
  35:modes.c       ****   return FALSE;
  36:modes.c       **** }
  83              		.loc 1 36 1 view .LVU15
  84 0050 1040BDE8 		pop	{r4, lr}
  85              	.LCFI1:
  86              		.cfi_remember_state
  87              		.cfi_restore 14
  88              		.cfi_restore 4
  89              		.cfi_def_cfa_offset 0
  90 0054 1EFF2FE1 		bx	lr
  91              	.LVL8:
  92              	.L3:
  93              	.LCFI2:
  94              		.cfi_restore_state
  25:modes.c       ****       ampl = DECODE_PARAM_8(radio_data->byte, 0.0f, 60.0f);
  95              		.loc 1 25 5 is_stmt 1 view .LVU16
  25:modes.c       ****       ampl = DECODE_PARAM_8(radio_data->byte, 0.0f, 60.0f);
  96              		.loc 1 25 8 is_stmt 0 view .LVU17
  97 0058 150051E3 		cmp	r1, #21
  98 005c 0E00001A 		bne	.L4
  99              	.LBB4:
 100              	.LBI4:
  18:modes.c       **** {
 101              		.loc 1 18 15 is_stmt 1 view .LVU18
 102              	.LVL9:
 103              	.LBB5:
  26:modes.c       ****       return TRUE;
 104              		.loc 1 26 7 view .LVU19
  26:modes.c       ****       return TRUE;
 105              		.loc 1 26 14 is_stmt 0 view .LVU20
 106 0060 0000D2E5 		ldrb	r0, [r2]	@ zero_extendqisi2
 107              	.LVL10:
  26:modes.c       ****       return TRUE;
 108              		.loc 1 26 14 view .LVU21
 109 0064 FEFFFFEB 		bl	__aeabi_ui2f
 110              	.LVL11:
  26:modes.c       ****       return TRUE;
 111              		.loc 1 26 14 view .LVU22
 112 0068 84109FE5 		ldr	r1, .L12+8
 113 006c FEFFFFEB 		bl	__aeabi_fmul
 114              	.LVL12:
 115 0070 FEFFFFEB 		bl	__aeabi_f2d
 116              	.LVL13:
 117 0074 0020A0E3 		mov	r2, #0
 118 0078 6C309FE5 		ldr	r3, .L12
 119 007c FEFFFFEB 		bl	__aeabi_ddiv
 120              	.LVL14:
 121 0080 0030A0E3 		mov	r3, #0
 122 0084 0020A0E3 		mov	r2, #0
 123 0088 FEFFFFEB 		bl	__aeabi_dadd
 124              	.LVL15:
 125 008c FEFFFFEB 		bl	__aeabi_d2f
 126              	.LVL16:
  26:modes.c       ****       return TRUE;
 127              		.loc 1 26 12 view .LVU23
 128 0090 58309FE5 		ldr	r3, .L12+4
 129 0094 040083E5 		str	r0, [r3, #4]	@ float
  27:modes.c       ****     }
 130              		.loc 1 27 7 is_stmt 1 view .LVU24
 131              	.LVL17:
  27:modes.c       ****     }
 132              		.loc 1 27 7 is_stmt 0 view .LVU25
 133 0098 EBFFFFEA 		b	.L11
 134              	.LVL18:
 135              	.L4:
  27:modes.c       ****     }
 136              		.loc 1 27 7 view .LVU26
 137              	.LBE5:
 138              	.LBE4:
  29:modes.c       ****         phase = DECODE_PARAM_8(radio_data->byte, 0.5f, 1.0f);
 139              		.loc 1 29 5 is_stmt 1 view .LVU27
  29:modes.c       ****         phase = DECODE_PARAM_8(radio_data->byte, 0.5f, 1.0f);
 140              		.loc 1 29 8 is_stmt 0 view .LVU28
 141 009c 160051E3 		cmp	r1, #22
  35:modes.c       **** }
 142              		.loc 1 35 10 view .LVU29
 143 00a0 0000A013 		movne	r0, #0
 144              	.LVL19:
  29:modes.c       ****         phase = DECODE_PARAM_8(radio_data->byte, 0.5f, 1.0f);
 145              		.loc 1 29 8 view .LVU30
 146 00a4 E9FFFF1A 		bne	.L2
  30:modes.c       ****         return TRUE;
 147              		.loc 1 30 9 is_stmt 1 view .LVU31
  30:modes.c       ****         return TRUE;
 148              		.loc 1 30 17 is_stmt 0 view .LVU32
 149 00a8 0000D2E5 		ldrb	r0, [r2]	@ zero_extendqisi2
 150 00ac FEFFFFEB 		bl	__aeabi_ui2f
 151              	.LVL20:
  30:modes.c       ****         return TRUE;
 152              		.loc 1 30 17 view .LVU33
 153 00b0 3F14A0E3 		mov	r1, #1056964608
 154 00b4 FEFFFFEB 		bl	__aeabi_fmul
 155              	.LVL21:
 156 00b8 FEFFFFEB 		bl	__aeabi_f2d
 157              	.LVL22:
 158 00bc 0020A0E3 		mov	r2, #0
 159 00c0 24309FE5 		ldr	r3, .L12
 160 00c4 FEFFFFEB 		bl	__aeabi_ddiv
 161              	.LVL23:
 162 00c8 28309FE5 		ldr	r3, .L12+12
 163 00cc 0020A0E3 		mov	r2, #0
 164 00d0 FEFFFFEB 		bl	__aeabi_dadd
 165              	.LVL24:
 166 00d4 FEFFFFEB 		bl	__aeabi_d2f
 167              	.LVL25:
  30:modes.c       ****         return TRUE;
 168              		.loc 1 30 15 view .LVU34
 169 00d8 10309FE5 		ldr	r3, .L12+4
 170 00dc 080083E5 		str	r0, [r3, #8]	@ float
 171 00e0 D9FFFFEA 		b	.L11
 172              	.LVL26:
 173              	.L5:
 174              	.LCFI3:
 175              		.cfi_def_cfa_offset 0
 176              		.cfi_restore 4
 177              		.cfi_restore 14
  35:modes.c       **** }
 178              		.loc 1 35 10 view .LVU35
 179 00e4 0000A0E3 		mov	r0, #0
 180              	.LVL27:
 181              		.loc 1 36 1 view .LVU36
 182 00e8 1EFF2FE1 		bx	lr
 183              	.L13:
 184              		.align	2
 185              	.L12:
 186 00ec 00E06F40 		.word	1081073664
 187 00f0 00000000 		.word	.LANCHOR0
 188 00f4 00007042 		.word	1114636288
 189 00f8 0000E03F 		.word	1071644672
 190              		.cfi_endproc
 191              	.LFE0:
 193              		.global	__aeabi_fdiv
 194              		.global	__aeabi_fadd
 195              		.global	__aeabi_i2f
 196              		.global	__aeabi_dmul
 197              		.global	__aeabi_f2iz
 198              		.align	2
 199              		.global	swim_mode
 200              		.syntax unified
 201              		.arm
 203              	swim_mode:
 204              	.LFB1:
  37:modes.c       **** 
  38:modes.c       **** void swim_mode()
  39:modes.c       **** {
 205              		.loc 1 39 1 is_stmt 1 view -0
 206              		.cfi_startproc
 207              		@ Function supports interworking.
 208              		@ args = 0, pretend = 0, frame = 8
 209              		@ frame_needed = 0, uses_anonymous_args = 0
  40:modes.c       ****   uint32_t cycletimer = getSysTICs();
 210              		.loc 1 40 3 view .LVU38
  39:modes.c       ****   uint32_t cycletimer = getSysTICs();
 211              		.loc 1 39 1 is_stmt 0 view .LVU39
 212 00fc F74F2DE9 		push	{r0, r1, r2, r4, r5, r6, r7, r8, r9, r10, fp, lr}
 213              	.LCFI4:
 214              		.cfi_def_cfa_offset 48
 215              		.cfi_offset 4, -36
 216              		.cfi_offset 5, -32
 217              		.cfi_offset 6, -28
 218              		.cfi_offset 7, -24
 219              		.cfi_offset 8, -20
 220              		.cfi_offset 9, -16
 221              		.cfi_offset 10, -12
 222              		.cfi_offset 11, -8
 223              		.cfi_offset 14, -4
 224              		.loc 1 40 25 view .LVU40
 225 0100 FEFFFFEB 		bl	getSysTICs
 226              	.LVL28:
 227 0104 0040A0E1 		mov	r4, r0
 228              	.LVL29:
  41:modes.c       ****   float my_time = 0;
 229              		.loc 1 41 3 is_stmt 1 view .LVU41
  42:modes.c       **** 
  43:modes.c       ****   for (int i = 0; i < MOTOR_COUNT; i++){
 230              		.loc 1 43 3 view .LVU42
 231              	.LBB6:
 232              		.loc 1 43 8 view .LVU43
 233              		.loc 1 43 19 view .LVU44
  44:modes.c       ****     init_body_module(MOTOR_ADDR[i]);
 234              		.loc 1 44 5 view .LVU45
 235 0108 0500A0E3 		mov	r0, #5
 236              	.LVL30:
 237              		.loc 1 44 5 is_stmt 0 view .LVU46
 238 010c FEFFFFEB 		bl	init_body_module
 239              	.LVL31:
  43:modes.c       ****     init_body_module(MOTOR_ADDR[i]);
 240              		.loc 1 43 36 is_stmt 1 view .LVU47
  43:modes.c       ****     init_body_module(MOTOR_ADDR[i]);
 241              		.loc 1 43 19 view .LVU48
 242              		.loc 1 44 5 view .LVU49
 243 0110 1A00A0E3 		mov	r0, #26
 244 0114 FEFFFFEB 		bl	init_body_module
 245              	.LVL32:
  43:modes.c       ****     init_body_module(MOTOR_ADDR[i]);
 246              		.loc 1 43 36 view .LVU50
  43:modes.c       ****     init_body_module(MOTOR_ADDR[i]);
 247              		.loc 1 43 19 view .LVU51
 248              		.loc 1 44 5 view .LVU52
 249 0118 1800A0E3 		mov	r0, #24
 250 011c FEFFFFEB 		bl	init_body_module
 251              	.LVL33:
  43:modes.c       ****     init_body_module(MOTOR_ADDR[i]);
 252              		.loc 1 43 36 view .LVU53
  43:modes.c       ****     init_body_module(MOTOR_ADDR[i]);
 253              		.loc 1 43 19 view .LVU54
 254              		.loc 1 44 5 view .LVU55
 255 0120 1600A0E3 		mov	r0, #22
 256 0124 FEFFFFEB 		bl	init_body_module
 257              	.LVL34:
  43:modes.c       ****     init_body_module(MOTOR_ADDR[i]);
 258              		.loc 1 43 36 view .LVU56
  43:modes.c       ****     init_body_module(MOTOR_ADDR[i]);
 259              		.loc 1 43 19 view .LVU57
 260              		.loc 1 44 5 view .LVU58
 261 0128 1900A0E3 		mov	r0, #25
 262 012c FEFFFFEB 		bl	init_body_module
 263              	.LVL35:
  43:modes.c       ****     init_body_module(MOTOR_ADDR[i]);
 264              		.loc 1 43 36 view .LVU59
  43:modes.c       ****     init_body_module(MOTOR_ADDR[i]);
 265              		.loc 1 43 19 view .LVU60
  43:modes.c       ****     init_body_module(MOTOR_ADDR[i]);
 266              		.loc 1 43 19 is_stmt 0 view .LVU61
 267              	.LBE6:
 268              	.LBB7:
  45:modes.c       ****   }
  46:modes.c       ****   for (int i = 0; i < MOTOR_COUNT; i++){
 269              		.loc 1 46 19 is_stmt 1 view .LVU62
  47:modes.c       ****     start_pid(MOTOR_ADDR[i]);
 270              		.loc 1 47 5 view .LVU63
 271 0130 0500A0E3 		mov	r0, #5
 272 0134 FEFFFFEB 		bl	start_pid
 273              	.LVL36:
  46:modes.c       ****     start_pid(MOTOR_ADDR[i]);
 274              		.loc 1 46 36 view .LVU64
  46:modes.c       ****     start_pid(MOTOR_ADDR[i]);
 275              		.loc 1 46 19 view .LVU65
 276              		.loc 1 47 5 view .LVU66
 277 0138 1A00A0E3 		mov	r0, #26
 278 013c FEFFFFEB 		bl	start_pid
 279              	.LVL37:
  46:modes.c       ****     start_pid(MOTOR_ADDR[i]);
 280              		.loc 1 46 36 view .LVU67
  46:modes.c       ****     start_pid(MOTOR_ADDR[i]);
 281              		.loc 1 46 19 view .LVU68
 282              		.loc 1 47 5 view .LVU69
 283 0140 1800A0E3 		mov	r0, #24
 284 0144 FEFFFFEB 		bl	start_pid
 285              	.LVL38:
  46:modes.c       ****     start_pid(MOTOR_ADDR[i]);
 286              		.loc 1 46 36 view .LVU70
  46:modes.c       ****     start_pid(MOTOR_ADDR[i]);
 287              		.loc 1 46 19 view .LVU71
 288              		.loc 1 47 5 view .LVU72
 289 0148 98719FE5 		ldr	r7, .L29
 290 014c 1600A0E3 		mov	r0, #22
 291 0150 FEFFFFEB 		bl	start_pid
 292              	.LVL39:
  46:modes.c       ****     start_pid(MOTOR_ADDR[i]);
 293              		.loc 1 46 36 view .LVU73
  46:modes.c       ****     start_pid(MOTOR_ADDR[i]);
 294              		.loc 1 46 19 view .LVU74
 295              		.loc 1 47 5 view .LVU75
 296 0154 1900A0E3 		mov	r0, #25
 297 0158 FEFFFFEB 		bl	start_pid
 298              	.LVL40:
  46:modes.c       ****     start_pid(MOTOR_ADDR[i]);
 299              		.loc 1 46 36 view .LVU76
  46:modes.c       ****     start_pid(MOTOR_ADDR[i]);
 300              		.loc 1 46 19 view .LVU77
  46:modes.c       ****     start_pid(MOTOR_ADDR[i]);
 301              		.loc 1 46 19 is_stmt 0 view .LVU78
 302              	.LBE7:
 303              	.LBB8:
  48:modes.c       ****   }
  49:modes.c       ****   for (int i = 0; i < MOTOR_COUNT; i++){
 304              		.loc 1 49 19 is_stmt 1 view .LVU79
 305              	.LBE8:
 306              	.LBB9:
  47:modes.c       ****   }
 307              		.loc 1 47 5 is_stmt 0 view .LVU80
 308 015c 0760A0E1 		mov	r6, r7
 309              	.LBE9:
 310              	.LBB10:
 311              		.loc 1 49 12 view .LVU81
 312 0160 0050A0E3 		mov	r5, #0
 313              	.LVL41:
 314              	.L15:
  50:modes.c       ****     set_reg_value_dw(MOTOR_ADDR[i], MREG32_LED, 0);
 315              		.loc 1 50 5 is_stmt 1 discriminator 3 view .LVU82
 316 0164 0020A0E3 		mov	r2, #0
 317 0168 0110A0E3 		mov	r1, #1
 318 016c 0100D6E4 		ldrb	r0, [r6], #1	@ zero_extendqisi2
  49:modes.c       ****     set_reg_value_dw(MOTOR_ADDR[i], MREG32_LED, 0);
 319              		.loc 1 49 37 is_stmt 0 discriminator 3 view .LVU83
 320 0170 015085E2 		add	r5, r5, #1
 321              	.LVL42:
 322              		.loc 1 50 5 discriminator 3 view .LVU84
 323 0174 FEFFFFEB 		bl	set_reg_value_dw
 324              	.LVL43:
  49:modes.c       ****     set_reg_value_dw(MOTOR_ADDR[i], MREG32_LED, 0);
 325              		.loc 1 49 36 is_stmt 1 discriminator 3 view .LVU85
  49:modes.c       ****     set_reg_value_dw(MOTOR_ADDR[i], MREG32_LED, 0);
 326              		.loc 1 49 19 discriminator 3 view .LVU86
  49:modes.c       ****     set_reg_value_dw(MOTOR_ADDR[i], MREG32_LED, 0);
 327              		.loc 1 49 3 is_stmt 0 discriminator 3 view .LVU87
 328 0178 050055E3 		cmp	r5, #5
 329 017c F8FFFF1A 		bne	.L15
 330              	.LBE10:
  41:modes.c       **** 
 331              		.loc 1 41 9 view .LVU88
 332 0180 0050A0E3 		mov	r5, #0
 333              	.LVL44:
 334              	.L17:
  51:modes.c       ****   }
  52:modes.c       **** 
  53:modes.c       ****   do {
 335              		.loc 1 53 3 is_stmt 1 view .LVU89
 336              	.LBB11:
  54:modes.c       **** 
  55:modes.c       ****     // Calculates the delta_t in seconds and adds it to the current time
  56:modes.c       ****     uint32_t dt = getElapsedSysTICs(cycletimer);
 337              		.loc 1 56 5 view .LVU90
 338              		.loc 1 56 19 is_stmt 0 view .LVU91
 339 0184 0400A0E1 		mov	r0, r4
 340 0188 FEFFFFEB 		bl	getElapsedSysTICs
 341              	.LVL45:
 342 018c 0060A0E1 		mov	r6, r0
 343              	.LVL46:
  57:modes.c       ****     cycletimer = getSysTICs();
 344              		.loc 1 57 5 is_stmt 1 view .LVU92
 345              		.loc 1 57 18 is_stmt 0 view .LVU93
 346 0190 FEFFFFEB 		bl	getSysTICs
 347              	.LVL47:
 348              		.loc 1 57 18 view .LVU94
 349 0194 0040A0E1 		mov	r4, r0
 350              	.LVL48:
  58:modes.c       ****     float delta_t = (float) dt / sysTICSperSEC;
 351              		.loc 1 58 5 is_stmt 1 view .LVU95
  59:modes.c       ****     my_time += delta_t;
 352              		.loc 1 59 5 view .LVU96
  58:modes.c       ****     float delta_t = (float) dt / sysTICSperSEC;
 353              		.loc 1 58 21 is_stmt 0 view .LVU97
 354 0198 0600A0E1 		mov	r0, r6
 355              	.LVL49:
  58:modes.c       ****     float delta_t = (float) dt / sysTICSperSEC;
 356              		.loc 1 58 21 view .LVU98
 357 019c FEFFFFEB 		bl	__aeabi_ui2f
 358              	.LVL50:
  58:modes.c       ****     float delta_t = (float) dt / sysTICSperSEC;
 359              		.loc 1 58 11 view .LVU99
 360 01a0 44119FE5 		ldr	r1, .L29+4
 361 01a4 FEFFFFEB 		bl	__aeabi_fdiv
 362              	.LVL51:
 363 01a8 0010A0E1 		mov	r1, r0
 364              		.loc 1 59 13 view .LVU100
 365 01ac 0500A0E1 		mov	r0, r5
 366 01b0 FEFFFFEB 		bl	__aeabi_fadd
 367              	.LVL52:
 368 01b4 0780A0E1 		mov	r8, r7
 369 01b8 0050A0E1 		mov	r5, r0
 370              	.LVL53:
  60:modes.c       **** 
  61:modes.c       ****     for (int i = 0; i < MOTOR_COUNT; i++){
 371              		.loc 1 61 5 is_stmt 1 view .LVU101
 372              	.LBB12:
 373              		.loc 1 61 10 view .LVU102
 374              		.loc 1 61 21 view .LVU103
 375              		.loc 1 61 14 is_stmt 0 view .LVU104
 376 01bc 0060A0E3 		mov	r6, #0
 377              	.LVL54:
 378              	.LBB13:
  62:modes.c       ****       float theta = ampl * sin(M_TWOPI*(freq*my_time + i*phase/MOTOR_COUNT));
  63:modes.c       ****       bus_set(MOTOR_ADDR[i], MREG_SETPOINT, DEG_TO_OUTPUT_BODY(theta));
 379              		.loc 1 63 45 view .LVU105
 380 01c0 FFA5A0E3 		mov	r10, #1069547520
 381              	.LVL55:
 382              	.L16:
  62:modes.c       ****       float theta = ampl * sin(M_TWOPI*(freq*my_time + i*phase/MOTOR_COUNT));
 383              		.loc 1 62 7 is_stmt 1 discriminator 3 view .LVU106
  62:modes.c       ****       float theta = ampl * sin(M_TWOPI*(freq*my_time + i*phase/MOTOR_COUNT));
 384              		.loc 1 62 26 is_stmt 0 discriminator 3 view .LVU107
 385 01c4 24219FE5 		ldr	r2, .L29+8
 386 01c8 04B092E5 		ldr	fp, [r2, #4]	@ float
  62:modes.c       ****       float theta = ampl * sin(M_TWOPI*(freq*my_time + i*phase/MOTOR_COUNT));
 387              		.loc 1 62 45 discriminator 3 view .LVU108
 388 01cc 003092E5 		ldr	r3, [r2]	@ float
  62:modes.c       ****       float theta = ampl * sin(M_TWOPI*(freq*my_time + i*phase/MOTOR_COUNT));
 389              		.loc 1 62 57 discriminator 3 view .LVU109
 390 01d0 089092E5 		ldr	r9, [r2, #8]	@ float
 391 01d4 0600A0E1 		mov	r0, r6
  62:modes.c       ****       float theta = ampl * sin(M_TWOPI*(freq*my_time + i*phase/MOTOR_COUNT));
 392              		.loc 1 62 45 discriminator 3 view .LVU110
 393 01d8 00308DE5 		str	r3, [sp]
  62:modes.c       ****       float theta = ampl * sin(M_TWOPI*(freq*my_time + i*phase/MOTOR_COUNT));
 394              		.loc 1 62 57 discriminator 3 view .LVU111
 395 01dc FEFFFFEB 		bl	__aeabi_i2f
 396              	.LVL56:
 397 01e0 0910A0E1 		mov	r1, r9
 398 01e4 FEFFFFEB 		bl	__aeabi_fmul
 399              	.LVL57:
  62:modes.c       ****       float theta = ampl * sin(M_TWOPI*(freq*my_time + i*phase/MOTOR_COUNT));
 400              		.loc 1 62 63 discriminator 3 view .LVU112
 401 01e8 04119FE5 		ldr	r1, .L29+12
 402 01ec FEFFFFEB 		bl	__aeabi_fdiv
 403              	.LVL58:
  62:modes.c       ****       float theta = ampl * sin(M_TWOPI*(freq*my_time + i*phase/MOTOR_COUNT));
 404              		.loc 1 62 45 discriminator 3 view .LVU113
 405 01f0 00309DE5 		ldr	r3, [sp]
  62:modes.c       ****       float theta = ampl * sin(M_TWOPI*(freq*my_time + i*phase/MOTOR_COUNT));
 406              		.loc 1 62 63 discriminator 3 view .LVU114
 407 01f4 0090A0E1 		mov	r9, r0
  62:modes.c       ****       float theta = ampl * sin(M_TWOPI*(freq*my_time + i*phase/MOTOR_COUNT));
 408              		.loc 1 62 45 discriminator 3 view .LVU115
 409 01f8 0510A0E1 		mov	r1, r5
 410 01fc 0300A0E1 		mov	r0, r3
 411 0200 FEFFFFEB 		bl	__aeabi_fmul
 412              	.LVL59:
 413 0204 0010A0E1 		mov	r1, r0
  62:modes.c       ****       float theta = ampl * sin(M_TWOPI*(freq*my_time + i*phase/MOTOR_COUNT));
 414              		.loc 1 62 54 discriminator 3 view .LVU116
 415 0208 0900A0E1 		mov	r0, r9
 416 020c FEFFFFEB 		bl	__aeabi_fadd
 417              	.LVL60:
 418 0210 FEFFFFEB 		bl	__aeabi_f2d
 419              	.LVL61:
  62:modes.c       ****       float theta = ampl * sin(M_TWOPI*(freq*my_time + i*phase/MOTOR_COUNT));
 420              		.loc 1 62 28 discriminator 3 view .LVU117
 421 0214 DC209FE5 		ldr	r2, .L29+16
 422 0218 DC309FE5 		ldr	r3, .L29+20
 423 021c FEFFFFEB 		bl	__aeabi_dmul
 424              	.LVL62:
 425 0220 FEFFFFEB 		bl	sin
 426              	.LVL63:
 427 0224 0020A0E1 		mov	r2, r0
 428 0228 0130A0E1 		mov	r3, r1
  62:modes.c       ****       float theta = ampl * sin(M_TWOPI*(freq*my_time + i*phase/MOTOR_COUNT));
 429              		.loc 1 62 26 discriminator 3 view .LVU118
 430 022c 0B00A0E1 		mov	r0, fp
  62:modes.c       ****       float theta = ampl * sin(M_TWOPI*(freq*my_time + i*phase/MOTOR_COUNT));
 431              		.loc 1 62 28 discriminator 3 view .LVU119
 432 0230 0C008DE8 		stm	sp, {r2-r3}
 433              	.LVL64:
 434              		.loc 1 63 7 is_stmt 1 discriminator 3 view .LVU120
  62:modes.c       ****       float theta = ampl * sin(M_TWOPI*(freq*my_time + i*phase/MOTOR_COUNT));
 435              		.loc 1 62 26 is_stmt 0 discriminator 3 view .LVU121
 436 0234 FEFFFFEB 		bl	__aeabi_f2d
 437              	.LVL65:
  62:modes.c       ****       float theta = ampl * sin(M_TWOPI*(freq*my_time + i*phase/MOTOR_COUNT));
 438              		.loc 1 62 26 discriminator 3 view .LVU122
 439 0238 0C009DE8 		ldmia	sp, {r2-r3}
 440 023c FEFFFFEB 		bl	__aeabi_dmul
 441              	.LVL66:
  62:modes.c       ****       float theta = ampl * sin(M_TWOPI*(freq*my_time + i*phase/MOTOR_COUNT));
 442              		.loc 1 62 13 discriminator 3 view .LVU123
 443 0240 FEFFFFEB 		bl	__aeabi_d2f
 444              	.LVL67:
 445              		.loc 1 63 45 discriminator 3 view .LVU124
 446 0244 0A10A0E1 		mov	r1, r10
 447 0248 FEFFFFEB 		bl	__aeabi_fmul
 448              	.LVL68:
 449 024c FEFFFFEB 		bl	__aeabi_f2iz
 450              	.LVL69:
 451              		.loc 1 63 7 discriminator 3 view .LVU125
 452 0250 0190D8E4 		ldrb	r9, [r8], #1	@ zero_extendqisi2
 453 0254 FF2000E2 		and	r2, r0, #255
 454 0258 2F10A0E3 		mov	r1, #47
 455 025c 0900A0E1 		mov	r0, r9
 456              	.LBE13:
  61:modes.c       ****       float theta = ampl * sin(M_TWOPI*(freq*my_time + i*phase/MOTOR_COUNT));
 457              		.loc 1 61 39 discriminator 3 view .LVU126
 458 0260 016086E2 		add	r6, r6, #1
 459              	.LVL70:
 460              	.LBB14:
 461              		.loc 1 63 7 discriminator 3 view .LVU127
 462 0264 FEFFFFEB 		bl	bus_set
 463              	.LVL71:
 464              	.LBE14:
  61:modes.c       ****       float theta = ampl * sin(M_TWOPI*(freq*my_time + i*phase/MOTOR_COUNT));
 465              		.loc 1 61 38 is_stmt 1 discriminator 3 view .LVU128
  61:modes.c       ****       float theta = ampl * sin(M_TWOPI*(freq*my_time + i*phase/MOTOR_COUNT));
 466              		.loc 1 61 21 discriminator 3 view .LVU129
  61:modes.c       ****       float theta = ampl * sin(M_TWOPI*(freq*my_time + i*phase/MOTOR_COUNT));
 467              		.loc 1 61 5 is_stmt 0 discriminator 3 view .LVU130
 468 0268 050056E3 		cmp	r6, #5
 469 026c D4FFFF1A 		bne	.L16
 470              	.LBE12:
 471              	.LBE11:
  64:modes.c       ****     }
  65:modes.c       ****     
  66:modes.c       ****   } while (reg8_table[REG8_MODE] == IMODE_SWIM);
 472              		.loc 1 66 11 is_stmt 1 view .LVU131
 473              		.loc 1 66 22 is_stmt 0 view .LVU132
 474 0270 88309FE5 		ldr	r3, .L29+24
 475 0274 0030D3E5 		ldrb	r3, [r3]	@ zero_extendqisi2
 476              		.loc 1 66 3 view .LVU133
 477 0278 010053E3 		cmp	r3, #1
 478 027c C0FFFF0A 		beq	.L17
 479              	.LBB15:
  67:modes.c       **** 
  68:modes.c       ****   // Send back the motor to zero position
  69:modes.c       ****   for (int i = 0; i < MOTOR_COUNT; i++){
 480              		.loc 1 69 12 view .LVU134
 481 0280 0040A0E3 		mov	r4, #0
 482              	.LVL72:
 483              		.loc 1 69 12 view .LVU135
 484              	.LBE15:
 485 0284 5C509FE5 		ldr	r5, .L29
 486              	.LVL73:
 487              	.L18:
 488              	.LBB16:
  70:modes.c       ****     bus_set(MOTOR_ADDR[i], MREG_SETPOINT, DEG_TO_OUTPUT_BODY(0.0));
 489              		.loc 1 70 5 is_stmt 1 discriminator 3 view .LVU136
 490 0288 0020A0E3 		mov	r2, #0
 491 028c 2F10A0E3 		mov	r1, #47
 492 0290 0100D5E4 		ldrb	r0, [r5], #1	@ zero_extendqisi2
  69:modes.c       ****     bus_set(MOTOR_ADDR[i], MREG_SETPOINT, DEG_TO_OUTPUT_BODY(0.0));
 493              		.loc 1 69 37 is_stmt 0 discriminator 3 view .LVU137
 494 0294 014084E2 		add	r4, r4, #1
 495              	.LVL74:
 496              		.loc 1 70 5 discriminator 3 view .LVU138
 497 0298 FEFFFFEB 		bl	bus_set
 498              	.LVL75:
  69:modes.c       ****     bus_set(MOTOR_ADDR[i], MREG_SETPOINT, DEG_TO_OUTPUT_BODY(0.0));
 499              		.loc 1 69 36 is_stmt 1 discriminator 3 view .LVU139
  69:modes.c       ****     bus_set(MOTOR_ADDR[i], MREG_SETPOINT, DEG_TO_OUTPUT_BODY(0.0));
 500              		.loc 1 69 19 discriminator 3 view .LVU140
  69:modes.c       ****     bus_set(MOTOR_ADDR[i], MREG_SETPOINT, DEG_TO_OUTPUT_BODY(0.0));
 501              		.loc 1 69 3 is_stmt 0 discriminator 3 view .LVU141
 502 029c 050054E3 		cmp	r4, #5
 503 02a0 F8FFFF1A 		bne	.L18
 504              	.LBE16:
  71:modes.c       ****   }
  72:modes.c       ****   // Give it some time for this to happen
  73:modes.c       ****   pause(HALF_SEC);
 505              		.loc 1 73 3 is_stmt 1 view .LVU142
 506 02a4 58009FE5 		ldr	r0, .L29+28
 507 02a8 FEFFFFEB 		bl	pause
 508              	.LVL76:
  74:modes.c       ****   // Turn off the PD controller
  75:modes.c       ****   for(int j=0; j<10; j++){
 509              		.loc 1 75 3 view .LVU143
 510              	.LBB17:
 511              		.loc 1 75 7 view .LVU144
 512              		.loc 1 75 16 view .LVU145
 513              	.LBE17:
  73:modes.c       ****   // Turn off the PD controller
 514              		.loc 1 73 3 is_stmt 0 view .LVU146
 515 02ac 0A50A0E3 		mov	r5, #10
 516              	.LVL77:
 517              	.L19:
 518              	.LBB20:
 519              	.LBB18:
  76:modes.c       ****     for (int i = 0; i < MOTOR_COUNT; i++){
 520              		.loc 1 76 21 is_stmt 1 view .LVU147
 521              	.LBE18:
 522              	.LBE20:
 523              	.LBB21:
  69:modes.c       ****     bus_set(MOTOR_ADDR[i], MREG_SETPOINT, DEG_TO_OUTPUT_BODY(0.0));
 524              		.loc 1 69 12 is_stmt 0 view .LVU148
 525 02b0 0760A0E1 		mov	r6, r7
 526              	.LBE21:
 527              	.LBB22:
 528              	.LBB19:
 529              		.loc 1 76 14 view .LVU149
 530 02b4 0040A0E3 		mov	r4, #0
 531              	.LVL78:
 532              	.L20:
  77:modes.c       ****         bus_set(MOTOR_ADDR[i], MREG_MODE, MODE_IDLE);
 533              		.loc 1 77 9 is_stmt 1 discriminator 3 view .LVU150
 534 02b8 0020A0E3 		mov	r2, #0
 535 02bc 2810A0E3 		mov	r1, #40
 536 02c0 0100D6E4 		ldrb	r0, [r6], #1	@ zero_extendqisi2
  76:modes.c       ****     for (int i = 0; i < MOTOR_COUNT; i++){
 537              		.loc 1 76 39 is_stmt 0 discriminator 3 view .LVU151
 538 02c4 014084E2 		add	r4, r4, #1
 539              	.LVL79:
 540              		.loc 1 77 9 discriminator 3 view .LVU152
 541 02c8 FEFFFFEB 		bl	bus_set
 542              	.LVL80:
  76:modes.c       ****     for (int i = 0; i < MOTOR_COUNT; i++){
 543              		.loc 1 76 38 is_stmt 1 discriminator 3 view .LVU153
  76:modes.c       ****     for (int i = 0; i < MOTOR_COUNT; i++){
 544              		.loc 1 76 21 discriminator 3 view .LVU154
  76:modes.c       ****     for (int i = 0; i < MOTOR_COUNT; i++){
 545              		.loc 1 76 5 is_stmt 0 discriminator 3 view .LVU155
 546 02cc 050054E3 		cmp	r4, #5
 547 02d0 F8FFFF1A 		bne	.L20
 548              	.LBE19:
  75:modes.c       ****     for (int i = 0; i < MOTOR_COUNT; i++){
 549              		.loc 1 75 22 is_stmt 1 discriminator 2 view .LVU156
 550              	.LVL81:
  75:modes.c       ****     for (int i = 0; i < MOTOR_COUNT; i++){
 551              		.loc 1 75 16 discriminator 2 view .LVU157
  75:modes.c       ****     for (int i = 0; i < MOTOR_COUNT; i++){
 552              		.loc 1 75 3 is_stmt 0 discriminator 2 view .LVU158
 553 02d4 015055E2 		subs	r5, r5, #1
 554              	.LVL82:
  75:modes.c       ****     for (int i = 0; i < MOTOR_COUNT; i++){
 555              		.loc 1 75 3 discriminator 2 view .LVU159
 556 02d8 F4FFFF1A 		bne	.L19
 557              	.LBE22:
  78:modes.c       ****       }
  79:modes.c       ****   }
  80:modes.c       ****   
  81:modes.c       ****   
  82:modes.c       **** }
 558              		.loc 1 82 1 view .LVU160
 559 02dc 0CD08DE2 		add	sp, sp, #12
 560              	.LCFI5:
 561              		.cfi_def_cfa_offset 36
 562              		@ sp needed
 563 02e0 F04FBDE8 		pop	{r4, r5, r6, r7, r8, r9, r10, fp, lr}
 564              	.LCFI6:
 565              		.cfi_restore 14
 566              		.cfi_restore 11
 567              		.cfi_restore 10
 568              		.cfi_restore 9
 569              		.cfi_restore 8
 570              		.cfi_restore 7
 571              		.cfi_restore 6
 572              		.cfi_restore 5
 573              		.cfi_restore 4
 574              		.cfi_def_cfa_offset 0
 575              	.LVL83:
 576              		.loc 1 82 1 view .LVU161
 577 02e4 1EFF2FE1 		bx	lr
 578              	.L30:
 579              		.align	2
 580              	.L29:
 581 02e8 00000000 		.word	.LANCHOR1
 582 02ec 8096184B 		.word	1259902592
 583 02f0 00000000 		.word	.LANCHOR0
 584 02f4 0000A040 		.word	1084227584
 585 02f8 182D4454 		.word	1413754136
 586 02fc FB211940 		.word	1075388923
 587 0300 00000000 		.word	reg8_table
 588 0304 404B4C00 		.word	5000000
 589              		.cfi_endproc
 590              	.LFE1:
 592              		.align	2
 593              		.global	main_mode_loop
 594              		.syntax unified
 595              		.arm
 597              	main_mode_loop:
 598              	.LFB2:
  83:modes.c       **** 
  84:modes.c       **** void main_mode_loop()
  85:modes.c       **** {
 599              		.loc 1 85 1 is_stmt 1 view -0
 600              		.cfi_startproc
 601              		@ Function supports interworking.
 602              		@ Volatile: function does not return.
 603              		@ args = 0, pretend = 0, frame = 0
 604              		@ frame_needed = 0, uses_anonymous_args = 0
  86:modes.c       ****   reg8_table[REG8_MODE] = IMODE_IDLE;
 605              		.loc 1 86 3 view .LVU163
 606              		.loc 1 86 25 is_stmt 0 view .LVU164
 607 0308 0050A0E3 		mov	r5, #0
  85:modes.c       ****   reg8_table[REG8_MODE] = IMODE_IDLE;
 608              		.loc 1 85 1 view .LVU165
 609 030c 10402DE9 		push	{r4, lr}
 610              	.LCFI7:
 611              		.cfi_def_cfa_offset 8
 612              		.cfi_offset 4, -8
 613              		.cfi_offset 14, -4
 614              		.loc 1 86 25 view .LVU166
 615 0310 28409FE5 		ldr	r4, .L39
  87:modes.c       ****   radio_add_reg_callback(register_handler);
 616              		.loc 1 87 3 view .LVU167
 617 0314 28009FE5 		ldr	r0, .L39+4
  86:modes.c       ****   reg8_table[REG8_MODE] = IMODE_IDLE;
 618              		.loc 1 86 25 view .LVU168
 619 0318 0050C4E5 		strb	r5, [r4]
 620              		.loc 1 87 3 is_stmt 1 view .LVU169
 621 031c FEFFFFEB 		bl	radio_add_reg_callback
 622              	.LVL84:
 623              	.L33:
  88:modes.c       ****   while (1)
 624              		.loc 1 88 3 view .LVU170
  89:modes.c       ****   {
  90:modes.c       ****     switch(reg8_table[REG8_MODE])
 625              		.loc 1 90 5 view .LVU171
 626              		.loc 1 90 22 is_stmt 0 view .LVU172
 627 0320 0030D4E5 		ldrb	r3, [r4]	@ zero_extendqisi2
 628              		.loc 1 90 5 view .LVU173
 629 0324 FF3013E2 		ands	r3, r3, #255
 630 0328 FCFFFF0A 		beq	.L33
 631 032c 010053E3 		cmp	r3, #1
  91:modes.c       ****     {
  92:modes.c       ****       case IMODE_IDLE:
  93:modes.c       ****         break;
  94:modes.c       ****       case IMODE_SWIM:
  95:modes.c       ****         swim_mode();
  96:modes.c       ****         break;
  97:modes.c       ****       default:
  98:modes.c       ****         reg8_table[REG8_MODE] = IMODE_IDLE;
 632              		.loc 1 98 31 view .LVU174
 633 0330 0050C415 		strbne	r5, [r4]
  90:modes.c       ****     {
 634              		.loc 1 90 5 view .LVU175
 635 0334 F9FFFF1A 		bne	.L33
  95:modes.c       ****         break;
 636              		.loc 1 95 9 is_stmt 1 view .LVU176
 637 0338 FEFFFFEB 		bl	swim_mode
 638              	.LVL85:
  96:modes.c       ****       default:
 639              		.loc 1 96 9 view .LVU177
 640 033c F7FFFFEA 		b	.L33
 641              	.L40:
 642              		.align	2
 643              	.L39:
 644 0340 00000000 		.word	reg8_table
 645 0344 00000000 		.word	register_handler
 646              		.cfi_endproc
 647              	.LFE2:
 649              		.global	phase
 650              		.global	ampl
 651              		.global	freq
 652              		.global	MOTOR_ADDR
 653              		.global	FREQ
 654              		.section	.rodata
 655              		.align	2
 656              		.set	.LANCHOR1,. + 0
 659              	MOTOR_ADDR:
 660 0000 051A1816 		.ascii	"\005\032\030\026\031"
 660      19
 661 0005 000000   		.space	3
 664              	FREQ:
 665 0008 0000803F 		.word	1065353216
 666              		.bss
 667              		.align	2
 668              		.set	.LANCHOR0,. + 0
 671              	freq:
 672 0000 00000000 		.space	4
 675              	ampl:
 676 0004 00000000 		.space	4
 679              	phase:
 680 0008 00000000 		.space	4
 681              		.text
 682              	.Letext0:
 683              		.file 2 "c:\\arm-gcc\\arm-none-eabi\\include\\machine\\_default_types.h"
 684              		.file 3 "c:\\arm-gcc\\arm-none-eabi\\include\\sys\\_stdint.h"
 685              		.file 4 "../firmware/radio.h"
 686              		.file 5 "../firmware/registers.h"
 687              		.file 6 "../firmware/robot.h"
 688              		.file 7 "../firmware/can.h"
 689              		.file 8 "../firmware/sysTime.h"
 690              		.file 9 "../../common/regdefs.h"
 691              		.file 10 "c:\\arm-gcc\\arm-none-eabi\\include\\math.h"
DEFINED SYMBOLS
                            *ABS*:00000000 modes.c
C:\Users\ishin\AppData\Local\Temp\ccI4QKJU.s:23     .text:00000000 $a
C:\Users\ishin\AppData\Local\Temp\ccI4QKJU.s:27     .text:00000000 register_handler
C:\Users\ishin\AppData\Local\Temp\ccI4QKJU.s:186    .text:000000ec $d
C:\Users\ishin\AppData\Local\Temp\ccI4QKJU.s:198    .text:000000fc $a
C:\Users\ishin\AppData\Local\Temp\ccI4QKJU.s:203    .text:000000fc swim_mode
C:\Users\ishin\AppData\Local\Temp\ccI4QKJU.s:581    .text:000002e8 $d
C:\Users\ishin\AppData\Local\Temp\ccI4QKJU.s:592    .text:00000308 $a
C:\Users\ishin\AppData\Local\Temp\ccI4QKJU.s:597    .text:00000308 main_mode_loop
C:\Users\ishin\AppData\Local\Temp\ccI4QKJU.s:644    .text:00000340 $d
C:\Users\ishin\AppData\Local\Temp\ccI4QKJU.s:679    .bss:00000008 phase
C:\Users\ishin\AppData\Local\Temp\ccI4QKJU.s:675    .bss:00000004 ampl
C:\Users\ishin\AppData\Local\Temp\ccI4QKJU.s:671    .bss:00000000 freq
C:\Users\ishin\AppData\Local\Temp\ccI4QKJU.s:659    .rodata:00000000 MOTOR_ADDR
C:\Users\ishin\AppData\Local\Temp\ccI4QKJU.s:664    .rodata:00000008 FREQ
C:\Users\ishin\AppData\Local\Temp\ccI4QKJU.s:655    .rodata:00000000 $d
C:\Users\ishin\AppData\Local\Temp\ccI4QKJU.s:667    .bss:00000000 $d

UNDEFINED SYMBOLS
__aeabi_ui2f
__aeabi_fmul
__aeabi_f2d
__aeabi_ddiv
__aeabi_dadd
__aeabi_d2f
__aeabi_fdiv
__aeabi_fadd
__aeabi_i2f
__aeabi_dmul
__aeabi_f2iz
getSysTICs
init_body_module
start_pid
set_reg_value_dw
getElapsedSysTICs
sin
bus_set
pause
reg8_table
radio_add_reg_callback
